Godot Engine v4.7.1.stable.official.a13da4feb - https://godotengine.org
WARNING: Could not set V-Sync mode, as changing V-Sync mode is not supported by the graphics driver.
     at: set_use_vsync (platform/linuxbsd/x11/gl_manager_x11.cpp:372)
OpenGL API 4.2 (Core Profile) Mesa 23.2.1-1ubuntu3.1~22.04.4 - Compatibility - Using Device: Microsoft - D3D12 (Radeon RX 580 Series)

[2J[H[38;2;233;150;122m
--------------------------------------------------------------------------------------------------
GdUnit4 Comandline Tool
--------------------------------------------------------------------------------------------------[0m
[38;2;100;149;237mInstalling GdUnit4 session system hooks.[0m
[38;2;100;149;237mSession hook 'GdUnitHtmlTestReporter' installed.[0m
[38;2;100;149;237mSession hook 'GdUnitXMLTestReporter' installed.[0m
[38;2;0;206;209mRun Test Suite: [0m[38;2;250;235;215mres://test/integration/test_character_sheet.gd[0m
  [38;2;250;235;215mres://test/integration/test_character_sheet.gd[0m[38;2;250;235;215m > [0m[38;2;250;235;215mtest_sheet_renders_identity_and_advancement_points[0m[38;2;34;139;34m STARTED[0m[38;2;250;235;215m[0m
  [38;2;250;235;215mres://test/integration/test_character_sheet.gd[0m[38;2;250;235;215m > [0m[38;2;250;235;215mtest_sheet_renders_identity_and_advancement_points[0m[38;2;34;139;34m PASSED[0m[38;2;100;149;237m 310ms[0m
[38;2;250;235;215m[0m
  [38;2;250;235;215mres://test/integration/test_character_sheet.gd[0m[38;2;250;235;215m > [0m[38;2;250;235;215mtest_buy_button_spends_a_point_and_refreshes_the_percent[0m[38;2;34;139;34m STARTED[0m[38;2;250;235;215m[0m
  [38;2;250;235;215mres://test/integration/test_character_sheet.gd[0m[38;2;250;235;215m > [0m[38;2;250;235;215mtest_buy_button_spends_a_point_and_refreshes_the_percent[0m[38;2;34;139;34m PASSED[0m[38;2;100;149;237m 142ms[0m
[38;2;250;235;215m[0m
  [38;2;250;235;215mres://test/integration/test_character_sheet.gd[0m[38;2;250;235;215m > [0m[38;2;250;235;215mtest_check_math_toggle_hides_the_log_and_persists[0m[38;2;34;139;34m STARTED[0m[38;2;250;235;215m[0m
  [38;2;250;235;215mres://test/integration/test_character_sheet.gd[0m[38;2;250;235;215m > [0m[38;2;250;235;215mtest_check_math_toggle_hides_the_log_and_persists[0m[38;2;34;139;34m PASSED[0m[38;2;100;149;237m 154ms[0m
[38;2;250;235;215m[0m
  [38;2;250;235;215mres://test/integration/test_character_sheet.gd[0m[38;2;250;235;215m > [0m[38;2;250;235;215mtest_party_screen_offers_a_character_sheet_button[0m[38;2;34;139;34m STARTED[0m[38;2;250;235;215m[0m
  [38;2;250;235;215mres://test/integration/test_character_sheet.gd[0m[38;2;250;235;215m > [0m[38;2;250;235;215mtest_party_screen_offers_a_character_sheet_button[0m[38;2;34;139;34m PASSED[0m[38;2;100;149;237m 61ms[0m
[38;2;250;235;215m[0m
  [38;2;250;235;215mres://test/integration/test_character_sheet.gd[0m[38;2;250;235;215m > [0m[38;2;250;235;215mtest_skills_are_grouped_under_schema_headings[0m[38;2;34;139;34m STARTED[0m[38;2;250;235;215m[0m
  [38;2;250;235;215mres://test/integration/test_character_sheet.gd[0m[38;2;250;235;215m > [0m[38;2;250;235;215mtest_skills_are_grouped_under_schema_headings[0m[38;2;34;139;34m PASSED[0m[38;2;100;149;237m 105ms[0m
[38;2;250;235;215m[0m
  [38;2;250;235;215mres://test/integration/test_character_sheet.gd[0m[38;2;250;235;215m > [0m[38;2;250;235;215mtest_every_field_and_arms_skill_gets_a_row[0m[38;2;34;139;34m STARTED[0m[38;2;250;235;215m[0m
  [38;2;250;235;215mres://test/integration/test_character_sheet.gd[0m[38;2;250;235;215m > [0m[38;2;250;235;215mtest_every_field_and_arms_skill_gets_a_row[0m[38;2;34;139;34m PASSED[0m[38;2;100;149;237m 99ms[0m
[38;2;250;235;215m[0m
  [38;2;250;235;215mres://test/integration/test_character_sheet.gd[0m[38;2;250;235;215m > [0m[38;2;250;235;215mtest_only_the_tones_a_member_holds_are_listed[0m[38;2;34;139;34m STARTED[0m[38;2;250;235;215m[0m
  [38;2;250;235;215mres://test/integration/test_character_sheet.gd[0m[38;2;250;235;215m > [0m[38;2;250;235;215mtest_only_the_tones_a_member_holds_are_listed[0m[38;2;34;139;34m PASSED[0m[38;2;100;149;237m 129ms[0m
[38;2;250;235;215m[0m
  [38;2;250;235;215mres://test/integration/test_character_sheet.gd[0m[38;2;250;235;215m > [0m[38;2;250;235;215mtest_a_tone_with_progress_stays_listed_but_cannot_be_raised[0m[38;2;34;139;34m STARTED[0m[38;2;250;235;215m[0m
  [38;2;250;235;215mres://test/integration/test_character_sheet.gd[0m[38;2;250;235;215m > [0m[38;2;250;235;215mtest_a_tone_with_progress_stays_listed_but_cannot_be_raised[0m[38;2;34;139;34m PASSED[0m[38;2;100;149;237m 119ms[0m
[38;2;250;235;215m[0m
  [38;2;250;235;215mres://test/integration/test_character_sheet.gd[0m[38;2;250;235;215m > [0m[38;2;250;235;215mtest_field_treatment_picks_the_qualified_practitioner_and_cures_only_the_selected_injury[0m[38;2;34;139;34m STARTED[0m[38;2;250;235;215m[0m
  [38;2;250;235;215mres://test/integration/test_character_sheet.gd[0m[38;2;250;235;215m > [0m[38;2;250;235;215mtest_field_treatment_picks_the_qualified_practitioner_and_cures_only_the_selected_injury[0m[38;2;34;139;34m PASSED[0m[38;2;100;149;237m 440ms[0m
[38;2;250;235;215m[0m
  [38;2;250;235;215mres://test/integration/test_character_sheet.gd[0m[38;2;250;235;215m > [0m[38;2;250;235;215mtest_recovery_receipt_closes_when_switching_patients[0m[38;2;34;139;34m STARTED[0m[38;2;250;235;215m[0m
  [38;2;250;235;215mres://test/integration/test_character_sheet.gd[0m[38;2;250;235;215m > [0m[38;2;250;235;215mtest_recovery_receipt_closes_when_switching_patients[0m[38;2;34;139;34m PASSED[0m[38;2;100;149;237m 215ms[0m
[38;2;250;235;215m[0m
  [38;2;250;235;215mres://test/integration/test_character_sheet.gd[0m[38;2;250;235;215m > [0m[38;2;250;235;215mtest_injured_hands_block_field_care_but_a_hurt_throat_does_not_and_combat_start_refuses[0m[38;2;34;139;34m STARTED[0m[38;2;250;235;215m[0m
  [38;2;250;235;215mres://test/integration/test_character_sheet.gd[0m[38;2;250;235;215m > [0m[38;2;250;235;215mtest_injured_hands_block_field_care_but_a_hurt_throat_does_not_and_combat_start_refuses[0m[38;2;34;139;34m PASSED[0m[38;2;100;149;237m 276ms[0m
[38;2;250;235;215m[0m
[38;2;30;144;255mStatistics:[0m[38;2;250;235;215m 11 test cases | 0 errors | 0 failures | 0 flaky | 0 skipped | 0 orphans |[0m[38;2;34;139;34m PASSED[0m[38;2;100;149;237m 2s 100ms[0m
[38;2;250;235;215m[0m
[38;2;250;235;215m[0m
[38;2;0;206;209mRun Test Suite: [0m[38;2;250;235;215mres://test/integration/test_inventory_screen.gd[0m
  [38;2;250;235;215mres://test/integration/test_inventory_screen.gd[0m[38;2;250;235;215m > [0m[38;2;250;235;215mtest_inventory_uses_three_column_gloot_layout[0m[38;2;34;139;34m STARTED[0m[38;2;250;235;215m[0m
  [38;2;250;235;215mres://test/integration/test_inventory_screen.gd[0m[38;2;250;235;215m > [0m[38;2;250;235;215mtest_inventory_uses_three_column_gloot_layout[0m[38;2;34;139;34m PASSED[0m[38;2;100;149;237m 142ms[0m
[38;2;250;235;215m[0m
  [38;2;250;235;215mres://test/integration/test_inventory_screen.gd[0m[38;2;250;235;215m > [0m[38;2;250;235;215mtest_opening_a_populated_bag_places_items_without_overlap_or_item_events[0m[38;2;34;139;34m STARTED[0m[38;2;250;235;215m[0m
  [38;2;250;235;215mres://test/integration/test_inventory_screen.gd[0m[38;2;250;235;215m > [0m[38;2;250;235;215mtest_opening_a_populated_bag_places_items_without_overlap_or_item_events[0m[38;2;34;139;34m PASSED[0m[38;2;100;149;237m 171ms[0m
[38;2;250;235;215m[0m
  [38;2;250;235;215mres://test/integration/test_inventory_screen.gd[0m[38;2;250;235;215m > [0m[38;2;250;235;215mtest_equipment_transfer_accepts_matching_slot_and_rejects_mismatch[0m[38;2;34;139;34m STARTED[0m[38;2;250;235;215m[0m
  [38;2;250;235;215mres://test/integration/test_inventory_screen.gd[0m[38;2;250;235;215m > [0m[38;2;250;235;215mtest_equipment_transfer_accepts_matching_slot_and_rejects_mismatch[0m[38;2;34;139;34m PASSED[0m[38;2;100;149;237m 22ms[0m
[38;2;250;235;215m[0m
  [38;2;250;235;215mres://test/integration/test_inventory_screen.gd[0m[38;2;250;235;215m > [0m[38;2;250;235;215mtest_overfull_legacy_layout_repair_is_atomic_and_keeps_every_item[0m[38;2;34;139;34m STARTED[0m[38;2;250;235;215m[0m
  [38;2;250;235;215mres://test/integration/test_inventory_screen.gd[0m[38;2;250;235;215m > [0m[38;2;250;235;215mtest_overfull_legacy_layout_repair_is_atomic_and_keeps_every_item[0m[38;2;34;139;34m PASSED[0m[38;2;100;149;237m 36ms[0m
[38;2;250;235;215m[0m
  [38;2;250;235;215mres://test/integration/test_inventory_screen.gd[0m[38;2;250;235;215m > [0m[38;2;250;235;215mtest_pandora_equip_slot_values_resolve_to_rail_slots[0m[38;2;34;139;34m STARTED[0m[38;2;250;235;215m[0m
  [38;2;250;235;215mres://test/integration/test_inventory_screen.gd[0m[38;2;250;235;215m > [0m[38;2;250;235;215mtest_pandora_equip_slot_values_resolve_to_rail_slots[0m[38;2;34;139;34m PASSED[0m[38;2;100;149;237m 41ms[0m
[38;2;250;235;215m[0m
  [38;2;250;235;215mres://test/integration/test_inventory_screen.gd[0m[38;2;250;235;215m > [0m[38;2;250;235;215mtest_equipped_item_survives_screen_close_and_reopen[0m[38;2;34;139;34m STARTED[0m[38;2;250;235;215m[0m
  [38;2;250;235;215mres://test/integration/test_inventory_screen.gd[0m[38;2;250;235;215m > [0m[38;2;250;235;215mtest_equipped_item_survives_screen_close_and_reopen[0m[38;2;34;139;34m PASSED[0m[38;2;100;149;237m 245ms[0m
[38;2;250;235;215m[0m
  [38;2;250;235;215mres://test/integration/test_inventory_screen.gd[0m[38;2;250;235;215m > [0m[38;2;250;235;215mtest_rapid_selection_only_fades_details_and_keeps_last_item[0m[38;2;34;139;34m STARTED[0m[38;2;250;235;215m[0m
  [38;2;250;235;215mres://test/integration/test_inventory_screen.gd[0m[38;2;250;235;215m > [0m[38;2;250;235;215mtest_rapid_selection_only_fades_details_and_keeps_last_item[0m[38;2;34;139;34m PASSED[0m[38;2;100;149;237m 336ms[0m
[38;2;250;235;215m[0m
  [38;2;250;235;215mres://test/integration/test_inventory_screen.gd[0m[38;2;250;235;215m > [0m[38;2;250;235;215mtest_dropping_selected_item_clears_details_and_actions[0m[38;2;34;139;34m STARTED[0m[38;2;250;235;215m[0m
  [38;2;250;235;215mres://test/integration/test_inventory_screen.gd[0m[38;2;250;235;215m > [0m[38;2;250;235;215mtest_dropping_selected_item_clears_details_and_actions[0m[38;2;34;139;34m PASSED[0m[38;2;100;149;237m 125ms[0m
[38;2;250;235;215m[0m
[38;2;30;144;255mStatistics:[0m[38;2;250;235;215m 8 test cases | 0 errors | 0 failures | 0 flaky | 0 skipped | 0 orphans |[0m[38;2;34;139;34m PASSED[0m[38;2;100;149;237m 1s 167ms[0m
[38;2;250;235;215m[0m
[38;2;250;235;215m[0m
[38;2;0;206;209mRun Test Suite: [0m[38;2;250;235;215mres://test/integration/test_treatment_shop.gd[0m
  [38;2;250;235;215mres://test/integration/test_treatment_shop.gd[0m[38;2;250;235;215m > [0m[38;2;250;235;215mtest_transaction_refresh_keeps_keyboard_focus_and_updates_stock[0m[38;2;34;139;34m STARTED[0m[38;2;250;235;215m[0m
  [38;2;250;235;215mres://test/integration/test_treatment_shop.gd[0m[38;2;250;235;215m > [0m[38;2;250;235;215mtest_transaction_refresh_keeps_keyboard_focus_and_updates_stock[0m[38;2;34;139;34m PASSED[0m[38;2;100;149;237m 128ms[0m
[38;2;250;235;215m[0m
  [38;2;250;235;215mres://test/integration/test_treatment_shop.gd[0m[38;2;250;235;215m > [0m[38;2;250;235;215mtest_player_sees_the_exact_quote_treats_and_regains_the_voice[0m[38;2;34;139;34m STARTED[0m[38;2;250;235;215m[0m
  [38;2;250;235;215mres://test/integration/test_treatment_shop.gd[0m[38;2;250;235;215m > [0m[38;2;250;235;215mtest_player_sees_the_exact_quote_treats_and_regains_the_voice[0m[38;2;34;139;34m PASSED[0m[38;2;100;149;237m 82ms[0m
[38;2;250;235;215m[0m
  [38;2;250;235;215mres://test/integration/test_treatment_shop.gd[0m[38;2;250;235;215m > [0m[38;2;250;235;215mtest_no_cash_and_hostile_standing_show_why_and_the_shrine_takes_one_wound[0m[38;2;34;139;34m STARTED[0m[38;2;250;235;215m[0m
  [38;2;250;235;215mres://test/integration/test_treatment_shop.gd[0m[38;2;250;235;215m > [0m[38;2;250;235;215mtest_no_cash_and_hostile_standing_show_why_and_the_shrine_takes_one_wound[0m[38;2;34;139;34m PASSED[0m[38;2;100;149;237m 95ms[0m
[38;2;250;235;215m[0m
  [38;2;250;235;215mres://test/integration/test_treatment_shop.gd[0m[38;2;250;235;215m > [0m[38;2;250;235;215mtest_treatment_is_refused_while_a_battle_is_live_and_a_stale_quote_never_charges[0m[38;2;34;139;34m STARTED[0m[38;2;250;235;215m[0m
  [38;2;250;235;215mres://test/integration/test_treatment_shop.gd[0m[38;2;250;235;215m > [0m[38;2;250;235;215mtest_treatment_is_refused_while_a_battle_is_live_and_a_stale_quote_never_charges[0m[38;2;34;139;34m PASSED[0m[38;2;100;149;237m 100ms[0m
[38;2;250;235;215m[0m
  [38;2;250;235;215mres://test/integration/test_treatment_shop.gd[0m[38;2;250;235;215m > [0m[38;2;250;235;215mtest_each_cure_reports_its_own_removed_penalties_and_keeps_other_wounds[0m[38;2;34;139;34m STARTED[0m[38;2;250;235;215m[0m
  [38;2;250;235;215mres://test/integration/test_treatment_shop.gd[0m[38;2;250;235;215m > [0m[38;2;250;235;215mtest_each_cure_reports_its_own_removed_penalties_and_keeps_other_wounds[0m[38;2;34;139;34m PASSED[0m[38;2;100;149;237m 148ms[0m
[38;2;250;235;215m[0m
  [38;2;250;235;215mres://test/integration/test_treatment_shop.gd[0m[38;2;250;235;215m > [0m[38;2;250;235;215mtest_recovery_loop_from_a_real_battle_to_a_saved_cure[0m[38;2;34;139;34m STARTED[0m[38;2;250;235;215m[0m
  [38;2;250;235;215mres://test/integration/test_treatment_shop.gd[0m[38;2;250;235;215m > [0m[38;2;250;235;215mtest_recovery_loop_from_a_real_battle_to_a_saved_cure[0m[38;2;34;139;34m PASSED[0m[38;2;100;149;237m 311ms[0m
[38;2;250;235;215m[0m
[38;2;30;144;255mStatistics:[0m[38;2;250;235;215m 6 test cases | 0 errors | 0 failures | 0 flaky | 0 skipped | 0 orphans |[0m[38;2;34;139;34m PASSED[0m[38;2;100;149;237m 913ms[0m
[38;2;250;235;215m[0m
[38;2;250;235;215m[0m
[38;2;0;206;209mRun Test Suite: [0m[38;2;250;235;215mres://test/integration/test_screen_shell_transitions.gd[0m
  [38;2;250;235;215mres://test/integration/test_screen_shell_transitions.gd[0m[38;2;250;235;215m > [0m[38;2;250;235;215mtest_reduced_motion_keeps_shell_and_content_stationary[0m[38;2;34;139;34m STARTED[0m[38;2;250;235;215m[0m
  [38;2;250;235;215mres://test/integration/test_screen_shell_transitions.gd[0m[38;2;250;235;215m > [0m[38;2;250;235;215mtest_reduced_motion_keeps_shell_and_content_stationary[0m[38;2;34;139;34m PASSED[0m[38;2;100;149;237m 359ms[0m
[38;2;250;235;215m[0m
  [38;2;250;235;215mres://test/integration/test_screen_shell_transitions.gd[0m[38;2;250;235;215m > [0m[38;2;250;235;215mtest_closing_during_enter_preserves_opacity_and_position[0m[38;2;34;139;34m STARTED[0m[38;2;250;235;215m[0m
  [38;2;250;235;215mres://test/integration/test_screen_shell_transitions.gd[0m[38;2;250;235;215m > [0m[38;2;250;235;215mtest_closing_during_enter_preserves_opacity_and_position[0m[38;2;34;139;34m PASSED[0m[38;2;100;149;237m 466ms[0m
[38;2;250;235;215m[0m
  [38;2;250;235;215mres://test/integration/test_screen_shell_transitions.gd[0m[38;2;250;235;215m > [0m[38;2;250;235;215mtest_opening_a_screen_plays_the_enter_transition[0m[38;2;34;139;34m STARTED[0m[38;2;250;235;215m[0m
  [38;2;250;235;215mres://test/integration/test_screen_shell_transitions.gd[0m[38;2;250;235;215m > [0m[38;2;250;235;215mtest_opening_a_screen_plays_the_enter_transition[0m[38;2;34;139;34m PASSED[0m[38;2;100;149;237m 770ms[0m
[38;2;250;235;215m[0m
  [38;2;250;235;215mres://test/integration/test_screen_shell_transitions.gd[0m[38;2;250;235;215m > [0m[38;2;250;235;215mtest_closing_a_screen_plays_the_exit_transition_before_freeing_it[0m[38;2;34;139;34m STARTED[0m[38;2;250;235;215m[0m
  [38;2;250;235;215mres://test/integration/test_screen_shell_transitions.gd[0m[38;2;250;235;215m > [0m[38;2;250;235;215mtest_closing_a_screen_plays_the_exit_transition_before_freeing_it[0m[38;2;34;139;34m PASSED[0m[38;2;100;149;237m 2s 122ms[0m
[38;2;250;235;215m[0m
  [38;2;250;235;215mres://test/integration/test_screen_shell_transitions.gd[0m[38;2;250;235;215m > [0m[38;2;250;235;215mtest_pause_menu_flow_owned_screen_also_plays_enter_and_exit[0m[38;2;34;139;34m STARTED[0m[38;2;250;235;215m[0m
  [38;2;250;235;215mres://test/integration/test_screen_shell_transitions.gd[0m[38;2;250;235;215m > [0m[38;2;250;235;215mtest_pause_menu_flow_owned_screen_also_plays_enter_and_exit[0m[38;2;34;139;34m PASSED[0m[38;2;100;149;237m 1s 835ms[0m
[38;2;250;235;215m[0m
[38;2;30;144;255mStatistics:[0m[38;2;250;235;215m 5 test cases | 0 errors | 0 failures | 0 flaky | 0 skipped | 0 orphans |[0m[38;2;34;139;34m PASSED[0m[38;2;100;149;237m 5s 577ms[0m
[38;2;250;235;215m[0m
[38;2;250;235;215m[0m
[38;2;30;144;255mOverall Summary:[0m[38;2;255;255;255m 30 test cases | 0 errors | 0 failures | 0 flaky | 0 skipped | 0 orphans |[0m
[38;2;233;150;122mExecuted test suites: (4/4)[0m
[38;2;233;150;122mExecuted test cases : (30/30)[0m
[38;2;233;150;122mTotal execution time: 9s 757ms[0m
[38;2;255;255;255m [0m[38;2;100;149;237mOpen XML Report at: file:///home/adamjroder/projects/soul-meter/reports/report_1612/results.xml[0m
[38;2;100;149;237mOpen HTML Report at: file:///home/adamjroder/projects/soul-meter/reports/report_1612/index.html[0m
[38;2;233;150;122mExit code: 0[0m
Finallize .. done
WARNING: 4160 ObjectDB instances were leaked at exit (run with `--verbose` for details).
   at: cleanup (core/object/object.cpp:2536)
ERROR: 33 resources still in use at exit (run with --verbose for details).
   at: clear (core/io/resource.cpp:822)
