Godot Engine v4.7.1.stable.official.a13da4feb - https://godotengine.org
WARNING: Could not set V-Sync mode, as changing V-Sync mode is not supported by the graphics driver.
     at: set_use_vsync (platform/linuxbsd/x11/gl_manager_x11.cpp:372)
OpenGL API 4.2 (Core Profile) Mesa 23.2.1-1ubuntu3.1~22.04.4 - Compatibility - Using Device: Microsoft - D3D12 (Radeon RX 580 Series)

[2J[H[38;2;233;150;122m
--------------------------------------------------------------------------------------------------
GdUnit4 Comandline Tool
--------------------------------------------------------------------------------------------------[0m
[38;2;100;149;237mInstalling GdUnit4 session system hooks.[0m
[38;2;100;149;237mSession hook 'GdUnitHtmlTestReporter' installed.[0m
[38;2;100;149;237mSession hook 'GdUnitXMLTestReporter' installed.[0m
[38;2;0;206;209mRun Test Suite: [0m[38;2;250;235;215mres://test/integration/test_treatment_shop.gd[0m
  [38;2;250;235;215mres://test/integration/test_treatment_shop.gd[0m[38;2;250;235;215m > [0m[38;2;250;235;215mtest_transaction_refresh_keeps_keyboard_focus_and_updates_stock[0m[38;2;34;139;34m STARTED[0m[38;2;250;235;215m[0m
  [38;2;250;235;215mres://test/integration/test_treatment_shop.gd[0m[38;2;250;235;215m > [0m[38;2;250;235;215mtest_transaction_refresh_keeps_keyboard_focus_and_updates_stock[0m[38;2;34;139;34m PASSED[0m[38;2;100;149;237m 390ms[0m
[38;2;250;235;215m[0m
  [38;2;250;235;215mres://test/integration/test_treatment_shop.gd[0m[38;2;250;235;215m > [0m[38;2;250;235;215mtest_player_sees_the_exact_quote_treats_and_regains_the_voice[0m[38;2;34;139;34m STARTED[0m[38;2;250;235;215m[0m
  [38;2;250;235;215mres://test/integration/test_treatment_shop.gd[0m[38;2;250;235;215m > [0m[38;2;250;235;215mtest_player_sees_the_exact_quote_treats_and_regains_the_voice[0m[38;2;34;139;34m PASSED[0m[38;2;100;149;237m 113ms[0m
[38;2;250;235;215m[0m
  [38;2;250;235;215mres://test/integration/test_treatment_shop.gd[0m[38;2;250;235;215m > [0m[38;2;250;235;215mtest_no_cash_and_hostile_standing_show_why_and_the_shrine_takes_one_wound[0m[38;2;34;139;34m STARTED[0m[38;2;250;235;215m[0m
  [38;2;250;235;215mres://test/integration/test_treatment_shop.gd[0m[38;2;250;235;215m > [0m[38;2;250;235;215mtest_no_cash_and_hostile_standing_show_why_and_the_shrine_takes_one_wound[0m[38;2;34;139;34m PASSED[0m[38;2;100;149;237m 110ms[0m
[38;2;250;235;215m[0m
  [38;2;250;235;215mres://test/integration/test_treatment_shop.gd[0m[38;2;250;235;215m > [0m[38;2;250;235;215mtest_treatment_is_refused_while_a_battle_is_live_and_a_stale_quote_never_charges[0m[38;2;34;139;34m STARTED[0m[38;2;250;235;215m[0m
  [38;2;250;235;215mres://test/integration/test_treatment_shop.gd[0m[38;2;250;235;215m > [0m[38;2;250;235;215mtest_treatment_is_refused_while_a_battle_is_live_and_a_stale_quote_never_charges[0m[38;2;34;139;34m PASSED[0m[38;2;100;149;237m 120ms[0m
[38;2;250;235;215m[0m
  [38;2;250;235;215mres://test/integration/test_treatment_shop.gd[0m[38;2;250;235;215m > [0m[38;2;250;235;215mtest_each_cure_reports_its_own_removed_penalties_and_keeps_other_wounds[0m[38;2;34;139;34m STARTED[0m[38;2;250;235;215m[0m
  [38;2;250;235;215mres://test/integration/test_treatment_shop.gd[0m[38;2;250;235;215m > [0m[38;2;250;235;215mtest_each_cure_reports_its_own_removed_penalties_and_keeps_other_wounds[0m[38;2;34;139;34m PASSED[0m[38;2;100;149;237m 141ms[0m
[38;2;250;235;215m[0m
  [38;2;250;235;215mres://test/integration/test_treatment_shop.gd[0m[38;2;250;235;215m > [0m[38;2;250;235;215mtest_recovery_loop_from_a_real_battle_to_a_saved_cure[0m[38;2;34;139;34m STARTED[0m[38;2;250;235;215m[0m
  [38;2;250;235;215mres://test/integration/test_treatment_shop.gd[0m[38;2;250;235;215m > [0m[38;2;250;235;215mtest_recovery_loop_from_a_real_battle_to_a_saved_cure[0m[38;2;34;139;34m PASSED[0m[38;2;100;149;237m 380ms[0m
[38;2;250;235;215m[0m
[38;2;30;144;255mStatistics:[0m[38;2;250;235;215m 6 test cases | 0 errors | 0 failures | 0 flaky | 0 skipped | 0 orphans |[0m[38;2;34;139;34m PASSED[0m[38;2;100;149;237m 1s 317ms[0m
[38;2;250;235;215m[0m
[38;2;250;235;215m[0m
[38;2;0;206;209mRun Test Suite: [0m[38;2;250;235;215mres://test/manual/ledger_menu_capture.gd[0m
  [38;2;250;235;215mres://test/manual/ledger_menu_capture.gd[0m[38;2;250;235;215m > [0m[38;2;250;235;215mtest_menus_1080p[0m[38;2;34;139;34m STARTED[0m[38;2;250;235;215m[0m
  [38;2;250;235;215mres://test/manual/ledger_menu_capture.gd[0m[38;2;250;235;215m > [0m[38;2;250;235;215mtest_menus_1080p[0m[38;2;34;139;34m PASSED[0m[38;2;100;149;237m 2s 162ms[0m
[38;2;250;235;215m[0m
  [38;2;250;235;215mres://test/manual/ledger_menu_capture.gd[0m[38;2;250;235;215m > [0m[38;2;250;235;215mtest_menus_720p[0m[38;2;34;139;34m STARTED[0m[38;2;250;235;215m[0m
  [38;2;250;235;215mres://test/manual/ledger_menu_capture.gd[0m[38;2;250;235;215m > [0m[38;2;250;235;215mtest_menus_720p[0m[38;2;34;139;34m PASSED[0m[38;2;100;149;237m 2s 175ms[0m
[38;2;250;235;215m[0m
[38;2;30;144;255mStatistics:[0m[38;2;250;235;215m 2 test cases | 0 errors | 0 failures | 0 flaky | 0 skipped | 0 orphans |[0m[38;2;34;139;34m PASSED[0m[38;2;100;149;237m 4s 362ms[0m
[38;2;250;235;215m[0m
[38;2;250;235;215m[0m
[38;2;30;144;255mOverall Summary:[0m[38;2;255;255;255m 8 test cases | 0 errors | 0 failures | 0 flaky | 0 skipped | 0 orphans |[0m
[38;2;233;150;122mExecuted test suites: (2/2)[0m
[38;2;233;150;122mExecuted test cases : (8/8)[0m
[38;2;233;150;122mTotal execution time: 5s 679ms[0m
[38;2;255;255;255m [0m[38;2;100;149;237mOpen XML Report at: file:///home/adamjroder/projects/soul-meter/reports/report_1613/results.xml[0m
[38;2;100;149;237mOpen HTML Report at: file:///home/adamjroder/projects/soul-meter/reports/report_1613/index.html[0m
[38;2;233;150;122mExit code: 0[0m
Finallize .. done
WARNING: 4160 ObjectDB instances were leaked at exit (run with `--verbose` for details).
   at: cleanup (core/object/object.cpp:2536)
ERROR: 33 resources still in use at exit (run with --verbose for details).
   at: clear (core/io/resource.cpp:822)
